[INFO] Scanning for projects...
[INFO] 
[INFO] -------------------------< tn.esprit:EduClass >-------------------------
[INFO] Building EduClass 1.0-SNAPSHOT
[INFO]   from pom.xml
[INFO] --------------------------------[ jar ]---------------------------------
[WARNING] 6 problems were encountered while building the effective model for org.openjfx:javafx-controls:jar:21.0.2 during dependency collection step for project (use -X to see details)
[WARNING] The artifact mysql:mysql-connector-java:jar:8.0.33 has been relocated to com.mysql:mysql-connector-j:jar:8.0.33: MySQL Connector/J artifacts moved to reverse-DNS compliant Maven 2+ coordinates.
[INFO] 
[INFO] --- resources:3.3.1:resources (default-resources) @ EduClass ---
[INFO] Copying 9 resources from src\main\resources to target\classes
[INFO] 
[INFO] --- compiler:3.13.0:compile (default-compile) @ EduClass ---
[INFO] Recompiling the module because of changed source code.
[INFO] Compiling 54 source files with javac [debug target 17] to target\classes
[INFO] -------------------------------------------------------------
[WARNING] COMPILATION WARNING : 
[INFO] -------------------------------------------------------------
[WARNING] system modules path not set in conjunction with -source 17
[INFO] 1 warning
[INFO] -------------------------------------------------------------
[INFO] -------------------------------------------------------------
[ERROR] COMPILATION ERROR : 
[INFO] -------------------------------------------------------------
[ERROR] /C:/Users/ASUS/Desktop/Projet-JAVA-ESPRIT/src/main/java/tn/esprit/educlass/service/AdminService.java:[204,44] cannot find symbol
  symbol:   method name()
  location: class java.lang.String
[ERROR] /C:/Users/ASUS/Desktop/Projet-JAVA-ESPRIT/src/main/java/tn/esprit/educlass/service/AdminService.java:[205,46] cannot find symbol
  symbol:   method name()
  location: class java.lang.String
[INFO] 2 errors 
[INFO] -------------------------------------------------------------
[INFO] ------------------------------------------------------------------------
[INFO] BUILD FAILURE
[INFO] ------------------------------------------------------------------------
[INFO] Total time:  2.283 s
[INFO] Finished at: 2026-02-13T05:36:34+01:00
[INFO] ------------------------------------------------------------------------
[ERROR] Failed to execute goal org.apache.maven.plugins:maven-compiler-plugin:3.13.0:compile (default-compile) on project EduClass: Compilation failure: Compilation failure: 
[ERROR] /C:/Users/ASUS/Desktop/Projet-JAVA-ESPRIT/src/main/java/tn/esprit/educlass/service/AdminService.java:[204,44] cannot find symbol
[ERROR]   symbol:   method name()
[ERROR]   location: class java.lang.String
[ERROR] /C:/Users/ASUS/Desktop/Projet-JAVA-ESPRIT/src/main/java/tn/esprit/educlass/service/AdminService.java:[205,46] cannot find symbol
[ERROR]   symbol:   method name()
[ERROR]   location: class java.lang.String
[ERROR] -> [Help 1]
[ERROR] 
[ERROR] To see the full stack trace of the errors, re-run Maven with the -e switch.
[ERROR] Re-run Maven using the -X switch to enable full debug logging.
[ERROR] 
[ERROR] For more information about the errors and possible solutions, please read the following articles:
[ERROR] [Help 1] http://cwiki.apache.org/confluence/display/MAVEN/MojoFailureException
